// Jest Snapshot v1, https://goo.gl/fbAQLP

exports[`Header component should render with page title 1`] = `ShallowWrapper {}`;
