// Jest Snapshot v1, https://goo.gl/fbAQLP

exports[`ProgramType component should render 1`] = `ShallowWrapper {}`;
