// Jest Snapshot v1, https://goo.gl/fbAQLP

exports[`Movies component should render 1`] = `undefined`;
