// Jest Snapshot v1, https://goo.gl/fbAQLP

exports[`ProgramItem component should render with props 1`] = `ShallowWrapper {}`;
